[2025-09-25 19:43:52] === Starting compressed file check ===
[2025-09-25 19:43:52] Python3 and JSON converter script are available
[2025-09-25 19:43:52] Initialized output file: games_list.txt
[2025-09-25 19:43:52] Searching for compressed files in Downloads...
[2025-09-25 19:43:52] Found: Star Ocean.zip
[2025-09-25 19:43:52] Found: Sonic The Hedgehog 2 (World) (Rev A).zip
[2025-09-25 19:43:52] Found 2 compressed file(s)
[2025-09-25 19:43:52] === Processing: Star Ocean.zip ===
[2025-09-25 19:43:52] Starting extraction of: Star Ocean.zip
[2025-09-25 19:43:52] Extracting to: Downloads/games/.temp_Star Ocean
[2025-09-25 19:43:53] Successfully extracted: Star Ocean.zip
[2025-09-25 19:43:53] Deleting original compressed file: Downloads/Star Ocean.zip
[2025-09-25 19:43:53] Directory analysis: 2 total items, 0 directories, 2 files
[2025-09-25 19:43:53] Files are already in root directory, no action needed
[2025-09-25 19:43:53] Moving ROM files from Downloads/games/.temp_Star Ocean to main directory: Downloads/games
[2025-09-25 19:43:53] Moved ROM: Star Ocean (tr).sfc -> Star Ocean (tr).sfc
[2025-09-25 19:43:53] Moved 0 ROM file(s) to main directory
[2025-09-25 19:43:53] Keeping directory (non-ROM files remain): Downloads/games/.temp_Star Ocean
[2025-09-25 19:43:53] ROM list updated for: Star Ocean.zip
[2025-09-25 19:43:53] ✓ Successfully processed: Star Ocean.zip
[2025-09-25 19:43:53] === Completed: Star Ocean.zip ===
[2025-09-25 19:43:53] === Processing: Sonic The Hedgehog 2 (World) (Rev A).zip ===
[2025-09-25 19:43:53] Starting extraction of: Sonic The Hedgehog 2 (World) (Rev A).zip
[2025-09-25 19:43:53] Extracting to: Downloads/games/.temp_Sonic The Hedgehog 2 (World) (Rev A)
[2025-09-25 19:43:53] Successfully extracted: Sonic The Hedgehog 2 (World) (Rev A).zip
[2025-09-25 19:43:53] Deleting original compressed file: Downloads/Sonic The Hedgehog 2 (World) (Rev A).zip
[2025-09-25 19:43:53] Directory analysis: 1 total items, 0 directories, 1 files
[2025-09-25 19:43:53] Files are already in root directory, no action needed
[2025-09-25 19:43:53] Moving ROM files from Downloads/games/.temp_Sonic The Hedgehog 2 (World) (Rev A) to main directory: Downloads/games
[2025-09-25 19:43:53] Moved ROM: Sonic The Hedgehog 2 (World) (Rev A).md -> Sonic The Hedgehog 2 (World) (Rev A).md
[2025-09-25 19:43:53] Moved 0 ROM file(s) to main directory
[2025-09-25 19:43:53] Removed empty directory: Downloads/games/.temp_Sonic The Hedgehog 2 (World) (Rev A)
[2025-09-25 19:43:53] ROM list updated for: Sonic The Hedgehog 2 (World) (Rev A).zip
[2025-09-25 19:43:53] ✓ Successfully processed: Sonic The Hedgehog 2 (World) (Rev A).zip
[2025-09-25 19:43:53] === Completed: Sonic The Hedgehog 2 (World) (Rev A).zip ===
[2025-09-25 19:43:53] Cleaning up temporary directories...
[2025-09-25 19:43:53] Removed temporary directory: Downloads/games/.temp_Star Ocean
[2025-09-25 19:43:53] All files processed. Found 2 ROM(s). List saved to: games_list.txt
[2025-09-25 19:43:53] Extracted files are in: Downloads/games
[2025-09-25 19:43:53] === Starting JSON conversion ===
[2025-09-25 19:43:53] Running JSON converter: python3 jsonconverter.py games_list.txt Downloads/games -o /home/kleber/playground/IFRN/Portable-Console-Prototype/GUI/games.json
[2025-09-25 19:43:53] ✓ JSON conversion successful. Output: Downloads/games/games.json
[2025-09-25 19:43:53] ✓ Converted 2 ROMs to JSON format
[2025-09-25 19:43:53] === Script finished ===
[2025-09-25 19:47:48] === Starting compressed file check ===
[2025-09-25 19:47:48] Python3 and JSON converter script are available
[2025-09-25 19:47:48] Initialized output file: games_list.txt
[2025-09-25 19:47:48] Searching for compressed files in Downloads...
[2025-09-25 19:47:48] Found: Pokemon - Red Version (UE)[!].zip
[2025-09-25 19:47:48] Found: Wario Land 3.zip
[2025-09-25 19:47:48] Found 2 compressed file(s)
[2025-09-25 19:47:48] === Processing: Pokemon - Red Version (UE)[!].zip ===
[2025-09-25 19:47:48] Starting extraction of: Pokemon - Red Version (UE)[!].zip
[2025-09-25 19:47:48] Extracting to: Downloads/games/.temp_Pokemon - Red Version (UE)[!]
[2025-09-25 19:47:48] Successfully extracted: Pokemon - Red Version (UE)[!].zip
[2025-09-25 19:47:48] Deleting original compressed file: Downloads/Pokemon - Red Version (UE)[!].zip
[2025-09-25 19:47:48] Directory analysis: 2 total items, 0 directories, 2 files
[2025-09-25 19:47:48] Files are already in root directory, no action needed
[2025-09-25 19:47:48] Moving ROM files from Downloads/games/.temp_Pokemon - Red Version (UE)[!] to main directory: Downloads/games
[2025-09-25 19:47:48] Moved ROM: Pokemon Red.gb -> Pokemon Red.gb
[2025-09-25 19:47:48] Moved 0 ROM file(s) to main directory
[2025-09-25 19:47:48] Keeping directory (non-ROM files remain): Downloads/games/.temp_Pokemon - Red Version (UE)[!]
[2025-09-25 19:47:48] ROM list updated for: Pokemon - Red Version (UE)[!].zip
[2025-09-25 19:47:48] ✓ Successfully processed: Pokemon - Red Version (UE)[!].zip
[2025-09-25 19:47:48] === Completed: Pokemon - Red Version (UE)[!].zip ===
[2025-09-25 19:47:48] === Processing: Wario Land 3.zip ===
[2025-09-25 19:47:48] Starting extraction of: Wario Land 3.zip
[2025-09-25 19:47:48] Extracting to: Downloads/games/.temp_Wario Land 3
[2025-09-25 19:47:48] Successfully extracted: Wario Land 3.zip
[2025-09-25 19:47:48] Deleting original compressed file: Downloads/Wario Land 3.zip
[2025-09-25 19:47:48] Directory analysis: 1 total items, 0 directories, 1 files
[2025-09-25 19:47:48] Files are already in root directory, no action needed
[2025-09-25 19:47:48] Moving ROM files from Downloads/games/.temp_Wario Land 3 to main directory: Downloads/games
[2025-09-25 19:47:48] Moved ROM: Wario Land 3 (World) (En,Ja).gbc -> Wario Land 3 (World) (En,Ja).gbc
[2025-09-25 19:47:49] Moved 0 ROM file(s) to main directory
[2025-09-25 19:47:49] Removed empty directory: Downloads/games/.temp_Wario Land 3
[2025-09-25 19:47:49] ROM list updated for: Wario Land 3.zip
[2025-09-25 19:47:49] ✓ Successfully processed: Wario Land 3.zip
[2025-09-25 19:47:49] === Completed: Wario Land 3.zip ===
[2025-09-25 19:47:49] Cleaning up temporary directories...
[2025-09-25 19:47:49] Removed temporary directory: Downloads/games/.temp_Pokemon - Red Version (UE)[!]
[2025-09-25 19:47:49] All files processed. Found 2 ROM(s). List saved to: games_list.txt
[2025-09-25 19:47:49] Extracted files are in: Downloads/games
[2025-09-25 19:47:49] === Starting JSON conversion ===
[2025-09-25 19:47:49] Running JSON converter: python3 jsonconverter.py games_list.txt Downloads/games -o /home/kleber/playground/IFRN/Portable-Console-Prototype/GUI/games.json
[2025-09-25 19:47:49] ✓ JSON conversion successful. Output: Downloads/games/games.json
[2025-09-25 19:47:49] ✓ Converted 2 ROMs to JSON format
[2025-09-25 19:47:49] === Script finished ===
[2025-09-25 19:52:18] === Starting compressed file check ===
[2025-09-25 19:52:18] Python3 and JSON converter script are available
[2025-09-25 19:52:18] Searching for compressed files in Downloads...
[2025-09-25 19:52:18] Found: Star Ocean.zip
[2025-09-25 19:52:18] Found: Sonic The Hedgehog 2 (World) (Rev A).zip
[2025-09-25 19:52:18] Found 2 compressed file(s)
[2025-09-25 19:52:18] === Processing: Star Ocean.zip ===
[2025-09-25 19:52:18] Starting extraction of: Star Ocean.zip
[2025-09-25 19:52:18] Extracting to: Downloads/games/.temp_Star Ocean
[2025-09-25 19:52:18] Successfully extracted: Star Ocean.zip
[2025-09-25 19:52:18] Deleting original compressed file: Downloads/Star Ocean.zip
[2025-09-25 19:52:18] Directory analysis: 2 total items, 0 directories, 2 files
[2025-09-25 19:52:18] Files are already in root directory, no action needed
[2025-09-25 19:52:18] Moving ROM files from Downloads/games/.temp_Star Ocean to main directory: Downloads/games
[2025-09-25 19:52:18] File conflict resolved: Star Ocean (tr).sfc -> Star Ocean (tr)_1.sfc
[2025-09-25 19:52:18] Moved ROM: Star Ocean (tr).sfc -> Star Ocean (tr)_1.sfc
[2025-09-25 19:52:18] Moved 0 ROM file(s) to main directory
[2025-09-25 19:52:18] Keeping directory (non-ROM files remain): Downloads/games/.temp_Star Ocean
[2025-09-25 19:52:18] ROM list updated for: Star Ocean.zip
[2025-09-25 19:52:18] ✓ Successfully processed: Star Ocean.zip
[2025-09-25 19:52:18] === Completed: Star Ocean.zip ===
[2025-09-25 19:52:18] === Processing: Sonic The Hedgehog 2 (World) (Rev A).zip ===
[2025-09-25 19:52:18] Starting extraction of: Sonic The Hedgehog 2 (World) (Rev A).zip
[2025-09-25 19:52:18] Extracting to: Downloads/games/.temp_Sonic The Hedgehog 2 (World) (Rev A)
[2025-09-25 19:52:18] Successfully extracted: Sonic The Hedgehog 2 (World) (Rev A).zip
[2025-09-25 19:52:18] Deleting original compressed file: Downloads/Sonic The Hedgehog 2 (World) (Rev A).zip
[2025-09-25 19:52:18] Directory analysis: 1 total items, 0 directories, 1 files
[2025-09-25 19:52:18] Files are already in root directory, no action needed
[2025-09-25 19:52:18] Moving ROM files from Downloads/games/.temp_Sonic The Hedgehog 2 (World) (Rev A) to main directory: Downloads/games
[2025-09-25 19:52:18] File conflict resolved: Sonic The Hedgehog 2 (World) (Rev A).md -> Sonic The Hedgehog 2 (World) (Rev A)_1.md
[2025-09-25 19:52:18] Moved ROM: Sonic The Hedgehog 2 (World) (Rev A).md -> Sonic The Hedgehog 2 (World) (Rev A)_1.md
[2025-09-25 19:52:18] Moved 0 ROM file(s) to main directory
[2025-09-25 19:52:18] Removed empty directory: Downloads/games/.temp_Sonic The Hedgehog 2 (World) (Rev A)
[2025-09-25 19:52:18] ROM list updated for: Sonic The Hedgehog 2 (World) (Rev A).zip
[2025-09-25 19:52:18] ✓ Successfully processed: Sonic The Hedgehog 2 (World) (Rev A).zip
[2025-09-25 19:52:18] === Completed: Sonic The Hedgehog 2 (World) (Rev A).zip ===
[2025-09-25 19:52:18] Cleaning up temporary directories...
[2025-09-25 19:52:18] Removed temporary directory: Downloads/games/.temp_Star Ocean
[2025-09-25 19:52:18] All files processed. Found 4 ROM(s). List saved to: games_list.txt
[2025-09-25 19:52:18] Extracted files are in: Downloads/games
[2025-09-25 19:52:18] === Starting JSON conversion ===
[2025-09-25 19:52:18] Running JSON converter: python3 jsonconverter.py games_list.txt Downloads/games -o /home/kleber/playground/IFRN/Portable-Console-Prototype/GUI/games.json
[2025-09-25 19:52:18] ✓ JSON conversion successful. Output: Downloads/games/games.json
[2025-09-25 19:52:18] ✓ Converted 4 ROMs to JSON format
[2025-09-25 19:52:18] === Script finished ===
[2025-10-07 19:03:12] === Starting compressed file check ===
[2025-10-07 19:03:12] Python3 and JSON converter script are available
[2025-10-07 19:03:12] Searching for compressed files in Downloads...
[2025-10-07 19:03:12] No compressed files found in Downloads
[2025-10-07 19:03:12] === Starting JSON conversion ===
[2025-10-07 19:03:12] Running JSON converter: python3 jsonconverter.py games_list.txt Downloads/games -o /home/kleber/playground/IFRN/Portable-Console-Prototype/GUI/games.json
[2025-10-07 19:03:12] ✓ JSON conversion successful. Output: Downloads/games/games.json
[2025-10-07 19:03:12] ✓ Converted 4 ROMs to JSON format
[2025-10-07 19:03:12] === Script finished ===
